// Jest Snapshot v1, https://goo.gl/fbAQLP

exports[`render 404 correctly 1`] = `
<div>
  404 - 
  <Link
    replace={false}
    to="/"
  >
    Go Home!
  </Link>
</div>
`;
